===== ENV CHECK =====
MUJOCO_GL=egl
PYOPENGL_PLATFORM=egl
DISPLAY=
CONDA_PREFIX=/home/projects/crml-prj10844/miniforge3/envs/compdfu_ogb_release
PY MUJOCO_GL = egl
PY PYOPENGL_PLATFORM = egl
PY DISPLAY = None
GLContext = <class 'mujoco.egl.GLContext'>
Training started at: Sun May 31 05:27:49 PM IDT 2026
/home/projects/crml-prj10844/miniforge3/envs/compdfu_ogb_release/lib/python3.9/site-packages/wandb/analytics/sentry.py:82: SentryHubDeprecationWarning: `sentry_sdk.Hub` is deprecated and will be removed in a future major release. Please consult our 1.x to 2.x migration guide for details on how to migrate `Hub` usage to the new API: https://docs.sentry.io/platforms/python/migration/1.x-to-2.x
  self.hub = sentry_sdk.Hub(client)
module <module 'og_antM_Lg_o29d_g29d_invdyn_h12' from '/home/projects/crml-prj10844/comp_diffuser_release/config/ogb_invdyn/og_inv_ant/og_antM_Lg_o29d_g29d_invdyn_h12.py'>
[ utils/setup ] Reading config: config/ogb_invdyn/og_inv_ant/og_antM_Lg_o29d_g29d_invdyn_h12:antmaze_large_stitch_v0
[ utils/setup ] Not using overrides | config: config/ogb_invdyn/og_inv_ant/og_antM_Lg_o29d_g29d_invdyn_h12 | dataset: antmaze_large_stitch_v0
prefix  diffusion/
config_fn og_antM_Lg_o29d_g29d_invdyn_h12 
[31mexp_name diffusion/og_antM_Lg_o29d_g29d_invdyn_h12 [39m
[ utils/setup ] Setting exp_name to: diffusion/og_antM_Lg_o29d_g29d_invdyn_h12
[ utils/setup ] Saved args to logs/antmaze-large-stitch-v0/diffusion/og_antM_Lg_o29d_g29d_invdyn_h12/args.json
[ utils/config ] Imported diffuser.datasets.ogb_dset:OgB_InvDyn_SeqDataset_V1

[utils/config ] Config: <class 'diffuser.datasets.ogb_dset.ogb_invdyn_dataset_v1.OgB_InvDyn_SeqDataset_V1'>
    dataset_config: {'obs_select_dim': (0, 1, 2, 3, 4, 5, 6, 7, 8, 9, 10, 11, 12, 13, 14, 15, 16, 17, 18, 19, 20, 21, 22, 23, 24, 25, 26, 27, 28), 'dset_type': 'ogb'}
    dset_h5path: data/ogb_maze/antmaze-large-stitch-v0-luotest.npz
    env: antmaze-large-stitch-v0
    horizon: 12
    max_n_episodes: 10000
    max_path_length: 220
    normalizer: LimitsNormalizer
    preprocess_fns: []
    termination_penalty: None
    use_padding: True

[ utils/config ] Saved config to: logs/antmaze-large-stitch-v0/diffusion/og_antM_Lg_o29d_g29d_invdyn_h12/dataset_config.pkl

[ utils/config ] Imported diffuser.guides:Maze2dRenderer_V2

[utils/config ] Config: <class 'diffuser.guides.render_m2d.Maze2dRenderer_V2'>
    env: antmaze-large-stitch-v0

[ utils/config ] Saved config to: logs/antmaze-large-stitch-v0/diffusion/og_antM_Lg_o29d_g29d_invdyn_h12/render_config.pkl

[31m[ogb_load_env] e_name_og='antmaze-large-stitch-v0' [39m
[OGBench Repo] Call: make_env_and_datasets(), make gymna env
loco_env_class=<class 'ogbench.locomaze.ant.AntEnv'>
[31m[OgB MazeEnv] call reset (for goal) args=() kwargs={} [39m
[31m
!!!!!!!!!!!!!!!!!!!!!!!!!!!!!!!!!!!!!!!!!!!!!!!!!!
 [39m
[31mLuoTest: 
 [Loading from LuoTest] data/ogb_maze/antmaze-large-stitch-v0-luotest.npz [39m
[31m
!!!!!!!!!!!!!!!!!!!!!!!!!!!!!!!!!!!!!!!!!!!!!!!!!!
 [39m
[ogb_load_dataset] train_dataset_path='data/ogb_maze/antmaze-large-stitch-v0-luotest.npz'
[31mdataset size N=20000 [39m
[31mterm_idxs[:5]=array([ 200,  400,  600,  800, 1000]), term_idxs[-5:]=array([19200, 19400, 19600, 19800, 20000]) [39m
[ogb_seg_dset_trajs] len(out_trajs)=100, out_trajs.shape=(100, 200, 29)
[31mterm_idxs[:5]=array([ 200,  400,  600,  800, 1000]), term_idxs[-5:]=array([19200, 19400, 19600, 19800, 20000]) [39m
[ogb_seg_dset_trajs] len(out_trajs)=100, out_trajs.shape=(100, 200, 8)
[ datasets/buffer ] Finalized replay buffer | 100 episodes
[ datasets/buffer ] Fields:
    observations: (100, 220, 29)
    actions: (100, 220, 8)
    normed_observations: (100, 220, 29)
    normed_actions: (100, 220, 8)
[33m[OgB_InvDyn_SeqDataset_V1]Dataset Len: 19900 [39m
[ train ] Split dataset: train=18905, val=995
[31m[ogb_load_env] e_name_og='antmaze-large-stitch-v0' [39m
[OGBench Repo] Call: make_env_and_datasets(), make gymna env
loco_env_class=<class 'ogbench.locomaze.ant.AntEnv'>
[31m[OgB MazeEnv] call reset (for goal) args=() kwargs={} [39m
[ utils/config ] Imported diffuser.ogb_task.og_inv_dyn:MLP_InvDyn_OgB_V3

[utils/config ] Config: <class 'diffuser.ogb_task.og_inv_dyn.og_invdyn_model.MLP_InvDyn_OgB_V3'>
    act_net_config: {'act_f': 'gelu', 'use_dpout': False}
    action_dim: 8
    input_dim: 58
    inv_m_config: {'hidden_dims': [512, 512, 512], 'final_fc_init_scale': 0.01, 'is_out_dist': False}
    obs_dim: 29

[ utils/config ] Saved config to: logs/antmaze-large-stitch-v0/diffusion/og_antM_Lg_o29d_g29d_invdyn_h12/model_config.pkl

[OgB_GCActor] hidden_dims=[512, 512, 512]
[31m[OgB_GCActor] self.actor_net=OgB_MLP(
  (encoder): Sequential(
    (0): Linear(in_features=58, out_features=512, bias=True)
    (1): GELU(approximate='none')
    (2): Linear(in_features=512, out_features=512, bias=True)
    (3): GELU(approximate='none')
    (4): Linear(in_features=512, out_features=512, bias=True)
    (5): GELU(approximate='none')
  )
) [39m
[ogb_get_default_init_unif_a] fan_out=8, fan_in=512
[31m[OgB_GCActor] self.mean_net=Linear(in_features=512, out_features=8, bias=True) [39m
Traceback (most recent call last):
  File "/home/projects/crml-prj10844/comp_diffuser_release/diffuser/ogb_task/og_inv_dyn/train_og_invdyn.py", line 121, in <module>
    from diffuser.ogb_task.og_inv_dyn.og_invdyn_training import OgB_InvDyn_Trainer_v1
  File "/home/projects/crml-prj10844/comp_diffuser_release/diffuser/ogb_task/og_inv_dyn/og_invdyn_training.py", line 21
    goal_sel_idxs, ## which dims in obs/stateSpace will be used as goal
    ^
SyntaxError: non-default argument follows default argument
__del__ MazeEnv: <MazeEnv<antmaze-large-v0>>
Exception ignored in: <function OffScreenViewer.__del__ at 0x77e7b23b1550>
Traceback (most recent call last):
  File "/home/projects/crml-prj10844/src/gymnasium/gymnasium/envs/mujoco/mujoco_rendering.py", line 191, in __del__
  File "/home/projects/crml-prj10844/src/gymnasium/gymnasium/envs/mujoco/mujoco_rendering.py", line 188, in free
  File "/home/projects/crml-prj10844/miniforge3/envs/compdfu_ogb_release/lib/python3.9/site-packages/mujoco/egl/__init__.py", line 129, in free
AttributeError: 'NoneType' object has no attribute 'eglGetCurrentContext'
Exception ignored in: <function GLContext.__del__ at 0x77e7b8d63160>
Traceback (most recent call last):
  File "/home/projects/crml-prj10844/miniforge3/envs/compdfu_ogb_release/lib/python3.9/site-packages/mujoco/egl/__init__.py", line 138, in __del__
  File "/home/projects/crml-prj10844/miniforge3/envs/compdfu_ogb_release/lib/python3.9/site-packages/mujoco/egl/__init__.py", line 129, in free
AttributeError: 'NoneType' object has no attribute 'eglGetCurrentContext'
__del__ MazeEnv: <MazeEnv<antmaze-large-v0>>
Exception ignored in: <function OffScreenViewer.__del__ at 0x77e7b23b1550>
Traceback (most recent call last):
  File "/home/projects/crml-prj10844/src/gymnasium/gymnasium/envs/mujoco/mujoco_rendering.py", line 191, in __del__
  File "/home/projects/crml-prj10844/src/gymnasium/gymnasium/envs/mujoco/mujoco_rendering.py", line 188, in free
  File "/home/projects/crml-prj10844/miniforge3/envs/compdfu_ogb_release/lib/python3.9/site-packages/mujoco/egl/__init__.py", line 129, in free
AttributeError: 'NoneType' object has no attribute 'eglGetCurrentContext'
Exception ignored in: <function GLContext.__del__ at 0x77e7b8d63160>
Traceback (most recent call last):
  File "/home/projects/crml-prj10844/miniforge3/envs/compdfu_ogb_release/lib/python3.9/site-packages/mujoco/egl/__init__.py", line 138, in __del__
  File "/home/projects/crml-prj10844/miniforge3/envs/compdfu_ogb_release/lib/python3.9/site-packages/mujoco/egl/__init__.py", line 129, in free
AttributeError: 'NoneType' object has no attribute 'eglGetCurrentContext'
Training ended at: Sun May 31 05:27:58 PM IDT 2026
Total Elapsed Time: 0h 0m 9s
