===== ENV CHECK =====
MUJOCO_GL=egl
PYOPENGL_PLATFORM=egl
DISPLAY=
CONDA_PREFIX=/home/projects/crml-prj10844/miniforge3/envs/compdfu_ogb_release
PY MUJOCO_GL = egl
PY PYOPENGL_PLATFORM = egl
PY DISPLAY = None
GLContext = <class 'mujoco.egl.GLContext'>
Training started at: Tue May 26 04:48:38 PM IDT 2026
/home/projects/crml-prj10844/miniforge3/envs/compdfu_ogb_release/lib/python3.9/site-packages/wandb/analytics/sentry.py:82: SentryHubDeprecationWarning: `sentry_sdk.Hub` is deprecated and will be removed in a future major release. Please consult our 1.x to 2.x migration guide for details on how to migrate `Hub` usage to the new API: https://docs.sentry.io/platforms/python/migration/1.x-to-2.x
  self.hub = sentry_sdk.Hub(client)
module <module 'og_antM_Me_o29d_g2d_invdyn_h12' from '/home/projects/crml-prj10844/comp_diffuser_release/config/ogb_invdyn/og_inv_ant/og_antM_Me_o29d_g2d_invdyn_h12.py'>
[ utils/setup ] Reading config: config/ogb_invdyn/og_inv_ant/og_antM_Me_o29d_g2d_invdyn_h12:antmaze_medium_stitch_v0
[ utils/setup ] Not using overrides | config: config/ogb_invdyn/og_inv_ant/og_antM_Me_o29d_g2d_invdyn_h12 | dataset: antmaze_medium_stitch_v0
prefix  diffusion/
config_fn og_antM_Me_o29d_g2d_invdyn_h12 
[31mexp_name diffusion/og_antM_Me_o29d_g2d_invdyn_h12 [39m
[ utils/setup ] Setting exp_name to: diffusion/og_antM_Me_o29d_g2d_invdyn_h12
[ utils/setup ] Saved args to logs/antmaze-medium-stitch-v0/diffusion/og_antM_Me_o29d_g2d_invdyn_h12/args.json
[ utils/config ] Imported diffuser.datasets.ogb_dset:OgB_InvDyn_SeqDataset_V1

[utils/config ] Config: <class 'diffuser.datasets.ogb_dset.ogb_invdyn_dataset_v1.OgB_InvDyn_SeqDataset_V1'>
    dataset_config: {'obs_select_dim': (0, 1, 2, 3, 4, 5, 6, 7, 8, 9, 10, 11, 12, 13, 14, 15, 16, 17, 18, 19, 20, 21, 22, 23, 24, 25, 26, 27, 28), 'dset_type': 'ogb'}
    dset_h5path: None
    env: antmaze-medium-stitch-v0
    horizon: 12
    max_n_episodes: 10000
    max_path_length: 220
    normalizer: LimitsNormalizer
    preprocess_fns: []
    termination_penalty: None
    use_padding: True

[ utils/config ] Saved config to: logs/antmaze-medium-stitch-v0/diffusion/og_antM_Me_o29d_g2d_invdyn_h12/dataset_config.pkl

[ utils/config ] Imported diffuser.guides:Maze2dRenderer_V2

[utils/config ] Config: <class 'diffuser.guides.render_m2d.Maze2dRenderer_V2'>
    env: antmaze-medium-stitch-v0

[ utils/config ] Saved config to: logs/antmaze-medium-stitch-v0/diffusion/og_antM_Me_o29d_g2d_invdyn_h12/render_config.pkl

[31m[ogb_load_env] e_name_og='antmaze-medium-stitch-v0' [39m
[OGBench Repo] Call: make_env_and_datasets(), make gymna env
loco_env_class=<class 'ogbench.locomaze.ant.AntEnv'>
[31m[OgB MazeEnv] call reset (for goal) args=() kwargs={} [39m
[ogb_load_dataset] train_dataset_path='~/.ogbench/data/antmaze-medium-stitch-v0.npz'
Traceback (most recent call last):
  File "/home/projects/crml-prj10844/comp_diffuser_release/diffuser/ogb_task/og_inv_dyn/train_og_invdyn.py", line 56, in <module>
    dataset_full = dataset_config()
  File "/home/projects/crml-prj10844/comp_diffuser_release/diffuser/utils/config.py", line 69, in __call__
    instance = self._class(*args, **kwargs, **self._dict)
  File "/home/projects/crml-prj10844/comp_diffuser_release/diffuser/datasets/ogb_dset/ogb_invdyn_dataset_v1.py", line 41, in __init__
    data_d_list = ogb_sequence_dataset(env, self.preprocess_fn, dataset_config)
  File "/home/projects/crml-prj10844/comp_diffuser_release/diffuser/datasets/ogb_dset/ogb_utils.py", line 124, in ogb_sequence_dataset
    dataset = ogb_get_dataset(env)
  File "/home/projects/crml-prj10844/comp_diffuser_release/diffuser/datasets/ogb_dset/ogb_utils.py", line 42, in ogb_get_dataset
    return ogb_load_dataset(env)
  File "/home/projects/crml-prj10844/ogbench_cpdfu_release/ogbench/utils.py", line 210, in ogb_load_dataset
    train_dataset = load_dataset(
  File "/home/projects/crml-prj10844/ogbench_cpdfu_release/ogbench/utils.py", line 36, in load_dataset
    file = np.load(dataset_path)
  File "/home/projects/crml-prj10844/miniforge3/envs/compdfu_ogb_release/lib/python3.9/site-packages/numpy/lib/npyio.py", line 427, in load
    fid = stack.enter_context(open(os_fspath(file), "rb"))
FileNotFoundError: [Errno 2] No such file or directory: '/home/shalevshriki/.ogbench/data/antmaze-medium-stitch-v0.npz'
__del__ MazeEnv: <MazeEnv<antmaze-medium-v0>>
Training ended at: Tue May 26 04:48:47 PM IDT 2026
Total Elapsed Time: 0h 0m 9s
